******************************************************************************
                  TI ARM Linker PC v5.2.6                      
******************************************************************************
>> Linked Sun Jan 31 23:25:53 2016

OUTPUT FILE NAME:   <music_maker.out>
ENTRY POINT SYMBOL: "_c_int00"  address: 000008a5


MEMORY CONFIGURATION

         name            origin    length      used     unused   attr    fill
----------------------  --------  ---------  --------  --------  ----  --------
  FLASH                 00000000   00040000  00000b44  0003f4bc  R  X
  SRAM                  20000000   00008000  00000214  00007dec  RW X


SEGMENT ALLOCATION MAP

run origin  load origin   length   init length attrs members
----------  ----------- ---------- ----------- ----- -------
00000000    00000000    00000b48   00000b48    r-x
  00000000    00000000    0000026c   0000026c    r-- .intvecs
  0000026c    0000026c    000007bc   000007bc    r-x .text
  00000a28    00000a28    000000fc   000000fc    r-- .const
  00000b28    00000b28    00000020   00000020    r-- .cinit
20000000    20000000    00000214   00000000    rw-
  20000000    20000000    00000200   00000000    rw- .stack
  20000200    20000200    00000014   00000000    rw- .data


SECTION ALLOCATION MAP

 output                                  attributes/
section   page    origin      length       input sections
--------  ----  ----------  ----------   ----------------
.intvecs   0    00000000    0000026c     
                  00000000    0000026c     tm4c123gh6pm_startup_ccs.obj (.intvecs)

.text      0    0000026c    000007bc     
                  0000026c    00000338     main.obj (.text)
                  000005a4    00000110     driverlib.lib : sysctl.obj (.text:SysCtlClockGet)
                  000006b4    0000009c     rtsv7M4_T_le_v4SPD16_eabi.lib : memcpy_t2.obj (.text)
                  00000750    0000007a                                   : memset_t2.obj (.text)
                  000007ca    00000002     --HOLE-- [fill = 0]
                  000007cc    0000006c                                   : autoinit.obj (.text)
                  00000838    0000006a                                   : copy_decompress_rle.obj (.text)
                  000008a2    00000002     --HOLE-- [fill = 0]
                  000008a4    00000050                                   : boot.obj (.text)
                  000008f4    0000004c                                   : cpy_tbl.obj (.text)
                  00000940    00000048     driverlib.lib : gpio.obj (.text:GPIOPinConfigure)
                  00000988    00000044     rtsv7M4_T_le_v4SPD16_eabi.lib : exit.obj (.text)
                  000009cc    00000018                                   : args_main.obj (.text)
                  000009e4    00000014                                   : _lock.obj (.text)
                  000009f8    0000000e                                   : copy_decompress_none.obj (.text:decompress:none)
                  00000a06    0000000c     tm4c123gh6pm_startup_ccs.obj (.text)
                  00000a12    00000006     driverlib.lib : gpio.obj (.text:GPIOPinWrite)
                  00000a18    00000006                   : sysctl.obj (.text:SysCtlDelay)
                  00000a1e    00000006     rtsv7M4_T_le_v4SPD16_eabi.lib : copy_decompress_rle.obj (.text:decompress:rle24)
                  00000a24    00000004                                   : pre_init.obj (.text)

.const     0    00000a28    000000fc     
                  00000a28    00000090     driverlib.lib : gpio.obj (.const:g_pui32GPIOBaseAddrs)
                  00000ab8    0000006c                   : sysctl.obj (.const:g_pui32Xtals)

.cinit     0    00000b28    00000020     
                  00000b28    0000000f     (.cinit..data.load) [load image, compression = rle]
                  00000b37    00000001     --HOLE-- [fill = 0]
                  00000b38    00000008     (__TI_handler_table)
                  00000b40    00000008     (__TI_cinit_table)

.init_array 
*          0    00000000    00000000     UNINITIALIZED

.stack     0    20000000    00000200     UNINITIALIZED
                  20000000    00000200     --HOLE--

.data      0    20000200    00000014     UNINITIALIZED
                  20000200    00000008     rtsv7M4_T_le_v4SPD16_eabi.lib : _lock.obj (.data)
                  20000208    00000008                                   : exit.obj (.data)
                  20000210    00000004                                   : stkdepth_vars.obj (.data)

.TI.persistent 
*          0    20000200    00000000     UNINITIALIZED


LINKER GENERATED COPY TABLES

__TI_cinit_table @ 00000b40 records: 1, size/record: 8, table size: 8
	.data: load addr=00000b28, load size=0000000f bytes, run addr=20000200, run size=00000014 bytes, compression=rle


LINKER GENERATED HANDLER TABLE

__TI_handler_table @ 00000b38 records: 2, size/record: 4, table size: 8
	index: 0, handler: __TI_decompress_rle24
	index: 1, handler: __TI_decompress_none


GLOBAL SYMBOLS: SORTED ALPHABETICALLY BY Name 

address   name                    
-------   ----                    
00000989  C$$EXIT                 
000003e9  Delay                   
00000941  GPIOPinConfigure        
00000a13  GPIOPinWrite            
00000a07  ResetISR                
UNDEFED   SHT$$INIT_ARRAY$$Base   
UNDEFED   SHT$$INIT_ARRAY$$Limit  
000005a5  SysCtlClockGet          
00000a19  SysCtlDelay             
0000052b  UARTIntHandler          
00000389  UARTSend                
000003a7  VS1053_Reset            
20000200  __STACK_END             
00000200  __STACK_SIZE            
20000200  __STACK_TOP             
00000b40  __TI_CINIT_Base         
00000b48  __TI_CINIT_Limit        
00000b38  __TI_Handler_Table_Base 
00000b40  __TI_Handler_Table_Limit
000007cd  __TI_auto_init          
20000208  __TI_cleanup_ptr        
000009f9  __TI_decompress_none    
00000a1f  __TI_decompress_rle24   
2000020c  __TI_dtors_ptr          
00000000  __TI_static_base__      
00000751  __aeabi_memclr          
00000751  __aeabi_memclr4         
00000751  __aeabi_memclr8         
000006b5  __aeabi_memcpy          
000006b5  __aeabi_memcpy4         
000006b5  __aeabi_memcpy8         
00000753  __aeabi_memset          
00000753  __aeabi_memset4         
00000753  __aeabi_memset8         
ffffffff  __binit__               
ffffffff  __c_args__              
20000000  __stack                 
000009cd  _args_main              
000008a5  _c_int00                
20000200  _lock                   
000009f3  _nop                    
000009eb  _register_lock          
000009e5  _register_unlock        
00000a25  _system_pre_init        
20000204  _unlock                 
0000098d  abort                   
ffffffff  binit                   
000008f5  copy_in                 
00000995  exit                    
00000000  g_pfnVectors            
00000403  main                    
20000210  main_func_sp            
000006b5  memcpy                  
00000759  memset                  
0000034b  midiNoteOff             
0000030d  midiNoteOn              
000002d5  midiSetChannelBank      
0000029d  midiSetChannelVolume    
0000026d  midiSetInstrument       


GLOBAL SYMBOLS: SORTED BY Symbol Address 

address   name                    
-------   ----                    
00000000  __TI_static_base__      
00000000  g_pfnVectors            
00000200  __STACK_SIZE            
0000026d  midiSetInstrument       
0000029d  midiSetChannelVolume    
000002d5  midiSetChannelBank      
0000030d  midiNoteOn              
0000034b  midiNoteOff             
00000389  UARTSend                
000003a7  VS1053_Reset            
000003e9  Delay                   
00000403  main                    
0000052b  UARTIntHandler          
000005a5  SysCtlClockGet          
000006b5  __aeabi_memcpy          
000006b5  __aeabi_memcpy4         
000006b5  __aeabi_memcpy8         
000006b5  memcpy                  
00000751  __aeabi_memclr          
00000751  __aeabi_memclr4         
00000751  __aeabi_memclr8         
00000753  __aeabi_memset          
00000753  __aeabi_memset4         
00000753  __aeabi_memset8         
00000759  memset                  
000007cd  __TI_auto_init          
000008a5  _c_int00                
000008f5  copy_in                 
00000941  GPIOPinConfigure        
00000989  C$$EXIT                 
0000098d  abort                   
00000995  exit                    
000009cd  _args_main              
000009e5  _register_unlock        
000009eb  _register_lock          
000009f3  _nop                    
000009f9  __TI_decompress_none    
00000a07  ResetISR                
00000a13  GPIOPinWrite            
00000a19  SysCtlDelay             
00000a1f  __TI_decompress_rle24   
00000a25  _system_pre_init        
00000b38  __TI_Handler_Table_Base 
00000b40  __TI_CINIT_Base         
00000b40  __TI_Handler_Table_Limit
00000b48  __TI_CINIT_Limit        
20000000  __stack                 
20000200  __STACK_END             
20000200  __STACK_TOP             
20000200  _lock                   
20000204  _unlock                 
20000208  __TI_cleanup_ptr        
2000020c  __TI_dtors_ptr          
20000210  main_func_sp            
ffffffff  __binit__               
ffffffff  __c_args__              
ffffffff  binit                   
UNDEFED   SHT$$INIT_ARRAY$$Base   
UNDEFED   SHT$$INIT_ARRAY$$Limit  

[59 symbols]
